Archive member included to satisfy reference by file (symbol)

c:/program files (x86)/atollic/truestudio for stm32 9.3.0/armtools/bin/../lib/gcc/arm-atollic-eabi/6.3.1/../../../../arm-atollic-eabi/lib/armv7e-m/fpu\libc_nano.a(lib_a-errno.o)
                              Src\syscalls.o (__errno)
c:/program files (x86)/atollic/truestudio for stm32 9.3.0/armtools/bin/../lib/gcc/arm-atollic-eabi/6.3.1/../../../../arm-atollic-eabi/lib/armv7e-m/fpu\libc_nano.a(lib_a-impure.o)
                              c:/program files (x86)/atollic/truestudio for stm32 9.3.0/armtools/bin/../lib/gcc/arm-atollic-eabi/6.3.1/../../../../arm-atollic-eabi/lib/armv7e-m/fpu\libc_nano.a(lib_a-errno.o) (_impure_ptr)
c:/program files (x86)/atollic/truestudio for stm32 9.3.0/armtools/bin/../lib/gcc/arm-atollic-eabi/6.3.1/../../../../arm-atollic-eabi/lib/armv7e-m/fpu\libc_nano.a(lib_a-init.o)
                              startup\startup_stm32f411xe.o (__libc_init_array)
c:/program files (x86)/atollic/truestudio for stm32 9.3.0/armtools/bin/../lib/gcc/arm-atollic-eabi/6.3.1/../../../../arm-atollic-eabi/lib/armv7e-m/fpu\libc_nano.a(lib_a-memset.o)
                              Src\adc.o (memset)
c:/program files (x86)/atollic/truestudio for stm32 9.3.0/armtools/bin/../lib/gcc/arm-atollic-eabi/6.3.1/armv7e-m/fpu\libgcc.a(_aeabi_uldivmod.o)
                              Drivers\STM32F4xx_HAL_Driver\Src\stm32f4xx_hal_rcc.o (__aeabi_uldivmod)
c:/program files (x86)/atollic/truestudio for stm32 9.3.0/armtools/bin/../lib/gcc/arm-atollic-eabi/6.3.1/armv7e-m/fpu\libgcc.a(_udivmoddi4.o)
                              c:/program files (x86)/atollic/truestudio for stm32 9.3.0/armtools/bin/../lib/gcc/arm-atollic-eabi/6.3.1/armv7e-m/fpu\libgcc.a(_aeabi_uldivmod.o) (__udivmoddi4)
c:/program files (x86)/atollic/truestudio for stm32 9.3.0/armtools/bin/../lib/gcc/arm-atollic-eabi/6.3.1/armv7e-m/fpu\libgcc.a(_dvmd_tls.o)
                              c:/program files (x86)/atollic/truestudio for stm32 9.3.0/armtools/bin/../lib/gcc/arm-atollic-eabi/6.3.1/armv7e-m/fpu\libgcc.a(_aeabi_uldivmod.o) (__aeabi_ldiv0)

Allocating common symbols
Common symbol       size              file

hi2c3               0x54              Src\i2c.o
htim10              0x40              Src\tim.o
uwTick              0x4               Drivers\STM32F4xx_HAL_Driver\Src\stm32f4xx_hal.o
pFlash              0x20              Drivers\STM32F4xx_HAL_Driver\Src\stm32f4xx_hal_flash.o
htim5               0x40              Src\tim.o
htim3               0x40              Src\tim.o
hadc1               0x48              Src\adc.o
huart1              0x40              Src\usart.o
htim11              0x40              Src\tim.o
htim2               0x40              Src\tim.o

Discarded input sections

 .text          0x00000000        0x0 c:/program files (x86)/atollic/truestudio for stm32 9.3.0/armtools/bin/../lib/gcc/arm-atollic-eabi/6.3.1/armv7e-m/fpu/crti.o
 .data          0x00000000        0x0 c:/program files (x86)/atollic/truestudio for stm32 9.3.0/armtools/bin/../lib/gcc/arm-atollic-eabi/6.3.1/armv7e-m/fpu/crti.o
 .bss           0x00000000        0x0 c:/program files (x86)/atollic/truestudio for stm32 9.3.0/armtools/bin/../lib/gcc/arm-atollic-eabi/6.3.1/armv7e-m/fpu/crti.o
 .data          0x00000000        0x4 c:/program files (x86)/atollic/truestudio for stm32 9.3.0/armtools/bin/../lib/gcc/arm-atollic-eabi/6.3.1/armv7e-m/fpu/crtbegin.o
 .text          0x00000000        0x0 Drivers\STM32F4xx_HAL_Driver\Src\stm32f4xx_hal.o
 .data          0x00000000        0x0 Drivers\STM32F4xx_HAL_Driver\Src\stm32f4xx_hal.o
 .bss           0x00000000        0x0 Drivers\STM32F4xx_HAL_Driver\Src\stm32f4xx_hal.o
 .text.HAL_MspInit
                0x00000000        0x2 Drivers\STM32F4xx_HAL_Driver\Src\stm32f4xx_hal.o
 .text.HAL_MspDeInit
                0x00000000        0x2 Drivers\STM32F4xx_HAL_Driver\Src\stm32f4xx_hal.o
 .text.HAL_DeInit
                0x00000000       0x2c Drivers\STM32F4xx_HAL_Driver\Src\stm32f4xx_hal.o
 .text.HAL_GetTickPrio
                0x00000000        0xc Drivers\STM32F4xx_HAL_Driver\Src\stm32f4xx_hal.o
 .text.HAL_SetTickFreq
                0x00000000       0x28 Drivers\STM32F4xx_HAL_Driver\Src\stm32f4xx_hal.o
 .text.HAL_GetTickFreq
                0x00000000        0xc Drivers\STM32F4xx_HAL_Driver\Src\stm32f4xx_hal.o
 .text.HAL_SuspendTick
                0x00000000       0x10 Drivers\STM32F4xx_HAL_Driver\Src\stm32f4xx_hal.o
 .text.HAL_ResumeTick
                0x00000000       0x10 Drivers\STM32F4xx_HAL_Driver\Src\stm32f4xx_hal.o
 .text.HAL_GetHalVersion
                0x00000000        0x8 Drivers\STM32F4xx_HAL_Driver\Src\stm32f4xx_hal.o
 .text.HAL_GetREVID
                0x00000000        0xc Drivers\STM32F4xx_HAL_Driver\Src\stm32f4xx_hal.o
 .text.HAL_GetDEVID
                0x00000000       0x10 Drivers\STM32F4xx_HAL_Driver\Src\stm32f4xx_hal.o
 .text.HAL_DBGMCU_EnableDBGSleepMode
[...]
Memory Configuration

Name             Origin             Length             Attributes
RAM              0x20000000         0x00020000         xrw
FLASH            0x08000000         0x00040000         xr
*default*        0x00000000         0xffffffff

Linker script and memory map

LOAD c:/program files (x86)/atollic/truestudio for stm32 9.3.0/armtools/bin/../lib/gcc/arm-atollic-eabi/6.3.1/armv7e-m/fpu/crti.o
LOAD c:/program files (x86)/atollic/truestudio for stm32 9.3.0/armtools/bin/../lib/gcc/arm-atollic-eabi/6.3.1/armv7e-m/fpu/crtbegin.o
LOAD Drivers\STM32F4xx_HAL_Driver\Src\stm32f4xx_hal.o
LOAD Drivers\STM32F4xx_HAL_Driver\Src\stm32f4xx_hal_adc.o
LOAD Drivers\STM32F4xx_HAL_Driver\Src\stm32f4xx_hal_adc_ex.o
LOAD Drivers\STM32F4xx_HAL_Driver\Src\stm32f4xx_hal_cortex.o
LOAD Drivers\STM32F4xx_HAL_Driver\Src\stm32f4xx_hal_dma.o
LOAD Drivers\STM32F4xx_HAL_Driver\Src\stm32f4xx_hal_dma_ex.o
LOAD Drivers\STM32F4xx_HAL_Driver\Src\stm32f4xx_hal_exti.o
LOAD Drivers\STM32F4xx_HAL_Driver\Src\stm32f4xx_hal_flash.o
LOAD Drivers\STM32F4xx_HAL_Driver\Src\stm32f4xx_hal_flash_ex.o
LOAD Drivers\STM32F4xx_HAL_Driver\Src\stm32f4xx_hal_flash_ramfunc.o
LOAD Drivers\STM32F4xx_HAL_Driver\Src\stm32f4xx_hal_gpio.o
LOAD Drivers\STM32F4xx_HAL_Driver\Src\stm32f4xx_hal_i2c.o
LOAD Drivers\STM32F4xx_HAL_Driver\Src\stm32f4xx_hal_i2c_ex.o
LOAD Drivers\STM32F4xx_HAL_Driver\Src\stm32f4xx_hal_pwr.o
LOAD Drivers\STM32F4xx_HAL_Driver\Src\stm32f4xx_hal_pwr_ex.o
LOAD Drivers\STM32F4xx_HAL_Driver\Src\stm32f4xx_hal_rcc.o
LOAD Drivers\STM32F4xx_HAL_Driver\Src\stm32f4xx_hal_rcc_ex.o
LOAD Drivers\STM32F4xx_HAL_Driver\Src\stm32f4xx_hal_tim.o
LOAD Drivers\STM32F4xx_HAL_Driver\Src\stm32f4xx_hal_tim_ex.o
LOAD Drivers\STM32F4xx_HAL_Driver\Src\stm32f4xx_hal_uart.o
LOAD Src\adc.o
LOAD Src\gpio.o
LOAD Src\i2c.o
LOAD Src\main.o
LOAD Src\stm32f4xx_hal_msp.o
LOAD Src\stm32f4xx_it.o
LOAD Src\syscalls.o
LOAD Src\system_stm32f4xx.o
LOAD Src\tim.o
LOAD Src\usart.o
LOAD startup\startup_stm32f411xe.o
                0x00000080                malloc_getpagesize_P = 0x80
START GROUP
LOAD c:/program files (x86)/atollic/truestudio for stm32 9.3.0/armtools/bin/../lib/gcc/arm-atollic-eabi/6.3.1/../../../../arm-atollic-eabi/lib/armv7e-m/fpu\libc_nano.a
LOAD c:/program files (x86)/atollic/truestudio for stm32 9.3.0/armtools/bin/../lib/gcc/arm-atollic-eabi/6.3.1/../../../../arm-atollic-eabi/lib/armv7e-m/fpu\libm.a
END GROUP
START GROUP
LOAD c:/program files (x86)/atollic/truestudio for stm32 9.3.0/armtools/bin/../lib/gcc/arm-atollic-eabi/6.3.1/armv7e-m/fpu\libgcc.a
LOAD c:/program files (x86)/atollic/truestudio for stm32 9.3.0/armtools/bin/../lib/gcc/arm-atollic-eabi/6.3.1/../../../../arm-atollic-eabi/lib/armv7e-m/fpu\libc_nano.a
END GROUP
START GROUP
LOAD c:/program files (x86)/atollic/truestudio for stm32 9.3.0/armtools/bin/../lib/gcc/arm-atollic-eabi/6.3.1/armv7e-m/fpu\libgcc.a
LOAD c:/program files (x86)/atollic/truestudio for stm32 9.3.0/armtools/bin/../lib/gcc/arm-atollic-eabi/6.3.1/../../../../arm-atollic-eabi/lib/armv7e-m/fpu\libc_nano.a
LOAD c:/program files (x86)/atollic/truestudio for stm32 9.3.0/armtools/bin/../lib/gcc/arm-atollic-eabi/6.3.1/../../../../arm-atollic-eabi/lib/armv7e-m/fpu\libnosys.a
END GROUP
START GROUP
LOAD c:/program files (x86)/atollic/truestudio for stm32 9.3.0/armtools/bin/../lib/gcc/arm-atollic-eabi/6.3.1/armv7e-m/fpu\libgcc.a
LOAD c:/program files (x86)/atollic/truestudio for stm32 9.3.0/armtools/bin/../lib/gcc/arm-atollic-eabi/6.3.1/../../../../arm-atollic-eabi/lib/armv7e-m/fpu\libc_nano.a
LOAD c:/program files (x86)/atollic/truestudio for stm32 9.3.0/armtools/bin/../lib/gcc/arm-atollic-eabi/6.3.1/../../../../arm-atollic-eabi/lib/armv7e-m/fpu\libnosys.a
END GROUP
LOAD c:/program files (x86)/atollic/truestudio for stm32 9.3.0/armtools/bin/../lib/gcc/arm-atollic-eabi/6.3.1/armv7e-m/fpu/crtend.o
LOAD c:/program files (x86)/atollic/truestudio for stm32 9.3.0/armtools/bin/../lib/gcc/arm-atollic-eabi/6.3.1/armv7e-m/fpu/crtn.o
                0x20020000                _estack = 0x20020000
                0x00000200                _Min_Heap_Size = 0x200
                0x00000400                _Min_Stack_Size = 0x400

.isr_vector     0x08000000      0x198
                0x08000000                . = ALIGN (0x4)
 *(.isr_vector)
 .isr_vector    0x08000000      0x198 startup\startup_stm32f411xe.o
                0x08000000                g_pfnVectors
                0x08000198                . = ALIGN (0x4)

.text           0x08000198     0x2db0
                0x08000198                . = ALIGN (0x4)
 *(.text)
 .text          0x08000198       0x40 c:/program files (x86)/atollic/truestudio for stm32 9.3.0/armtools/bin/../lib/gcc/arm-atollic-eabi/6.3.1/armv7e-m/fpu/crtbegin.o
 .text          0x080001d8       0x30 c:/program files (x86)/atollic/truestudio for stm32 9.3.0/armtools/bin/../lib/gcc/arm-atollic-eabi/6.3.1/armv7e-m/fpu\libgcc.a(_aeabi_uldivmod.o)
                0x080001d8                __aeabi_uldivmod
 .text          0x08000208      0x2dc c:/program files (x86)/atollic/truestudio for stm32 9.3.0/armtools/bin/../lib/gcc/arm-atollic-eabi/6.3.1/armv7e-m/fpu\libgcc.a(_udivmoddi4.o)
                0x08000208                __udivmoddi4
 .text          0x080004e4        0x4 c:/program files (x86)/atollic/truestudio for stm32 9.3.0/armtools/bin/../lib/gcc/arm-atollic-eabi/6.3.1/armv7e-m/fpu\libgcc.a(_dvmd_tls.o)
                0x080004e4                __aeabi_idiv0
                0x080004e4                __aeabi_ldiv0
 *(.text*)
 .text.HAL_InitTick
                0x080004e8       0x48 Drivers\STM32F4xx_HAL_Driver\Src\stm32f4xx_hal.o
                0x080004e8                HAL_InitTick
 .text.HAL_Init
                0x08000530       0x34 Drivers\STM32F4xx_HAL_Driver\Src\stm32f4xx_hal.o
                0x08000530                HAL_Init
 .text.HAL_IncTick
                0x08000564       0x18 Drivers\STM32F4xx_HAL_Driver\Src\stm32f4xx_hal.o
                0x08000564                HAL_IncTick
 .text.HAL_GetTick
                0x0800057c        0xc Drivers\STM32F4xx_HAL_Driver\Src\stm32f4xx_hal.o
                0x0800057c                HAL_GetTick
 .text.HAL_Delay
                0x08000588       0x28 Drivers\STM32F4xx_HAL_Driver\Src\stm32f4xx_hal.o
                0x08000588                HAL_Delay
 .text.HAL_ADC_Init
                0x080005b0      0x14c Drivers\STM32F4xx_HAL_Driver\Src\stm32f4xx_hal_adc.o
                0x080005b0                HAL_ADC_Init
 .text.HAL_ADC_ConfigChannel
                0x080006fc      0x144 Drivers\STM32F4xx_HAL_Driver\Src\stm32f4xx_hal_adc.o
                0x080006fc                HAL_ADC_ConfigChannel
 .text.HAL_NVIC_SetPriorityGrouping
                0x08000840       0x24 Drivers\STM32F4xx_HAL_Driver\Src\stm32f4xx_hal_cortex.o
                0x08000840                HAL_NVIC_SetPriorityGrouping
 .text.HAL_NVIC_SetPriority
                0x08000864       0x68 Drivers\STM32F4xx_HAL_Driver\Src\stm32f4xx_hal_cortex.o
                0x08000864                HAL_NVIC_SetPriority
 .text.HAL_NVIC_EnableIRQ
                0x080008cc       0x1c Drivers\STM32F4xx_HAL_Driver\Src\stm32f4xx_hal_cortex.o
                0x080008cc                HAL_NVIC_EnableIRQ
 .text.HAL_SYSTICK_Config
                0x080008e8       0x2c Drivers\STM32F4xx_HAL_Driver\Src\stm32f4xx_hal_cortex.o
                0x080008e8                HAL_SYSTICK_Config
 .text.HAL_DMA_Abort_IT
                0x08000914       0x24 Drivers\STM32F4xx_HAL_Driver\Src\stm32f4xx_hal_dma.o
                0x08000914                HAL_DMA_Abort_IT
 .text.HAL_DMA_GetState
                0x08000938        0x6 Drivers\STM32F4xx_HAL_Driver\Src\stm32f4xx_hal_dma.o
                0x08000938                HAL_DMA_GetState
 *fill*         0x0800093e        0x2 
 .text.HAL_GPIO_Init
                0x08000940      0x19c Drivers\STM32F4xx_HAL_Driver\Src\stm32f4xx_hal_gpio.o
                0x08000940                HAL_GPIO_Init
 .text.HAL_GPIO_WritePin
                0x08000adc        0xa Drivers\STM32F4xx_HAL_Driver\Src\stm32f4xx_hal_gpio.o
                0x08000adc                HAL_GPIO_WritePin
 .text.I2C_MemoryTransmit_TXE_BTF
                0x08000ae6       0x6c Drivers\STM32F4xx_HAL_Driver\Src\stm32f4xx_hal_i2c.o
 *fill*         0x08000b52        0x2 
 .text.HAL_I2C_Init
                0x08000b54      0x158 Drivers\STM32F4xx_HAL_Driver\Src\stm32f4xx_hal_i2c.o
                0x08000b54                HAL_I2C_Init
 .text.HAL_I2C_MasterTxCpltCallback
                0x08000cac        0x2 Drivers\STM32F4xx_HAL_Driver\Src\stm32f4xx_hal_i2c.o
                0x08000cac                HAL_I2C_MasterTxCpltCallback
 .text.HAL_I2C_MasterRxCpltCallback
                0x08000cae        0x2 Drivers\STM32F4xx_HAL_Driver\Src\stm32f4xx_hal_i2c.o
                0x08000cae                HAL_I2C_MasterRxCpltCallback
 .text.HAL_I2C_SlaveTxCpltCallback
                0x08000cb0        0x2 Drivers\STM32F4xx_HAL_Driver\Src\stm32f4xx_hal_i2c.o
                0x08000cb0                HAL_I2C_SlaveTxCpltCallback
 .text.HAL_I2C_SlaveRxCpltCallback
                0x08000cb2        0x2 Drivers\STM32F4xx_HAL_Driver\Src\stm32f4xx_hal_i2c.o
                0x08000cb2                HAL_I2C_SlaveRxCpltCallback
 .text.HAL_I2C_AddrCallback
                0x08000cb4        0x2 Drivers\STM32F4xx_HAL_Driver\Src\stm32f4xx_hal_i2c.o
                0x08000cb4                HAL_I2C_AddrCallback
 .text.HAL_I2C_ListenCpltCallback
                0x08000cb6        0x2 Drivers\STM32F4xx_HAL_Driver\Src\stm32f4xx_hal_i2c.o
                0x08000cb6                HAL_I2C_ListenCpltCallback
 .text.HAL_I2C_MemTxCpltCallback
                0x08000cb8        0x2 Drivers\STM32F4xx_HAL_Driver\Src\stm32f4xx_hal_i2c.o
                0x08000cb8                HAL_I2C_MemTxCpltCallback
 .text.HAL_I2C_MemRxCpltCallback
                0x08000cba        0x2 Drivers\STM32F4xx_HAL_Driver\Src\stm32f4xx_hal_i2c.o
                0x08000cba                HAL_I2C_MemRxCpltCallback
 .text.HAL_I2C_ErrorCallback
                0x08000cbc        0x2 Drivers\STM32F4xx_HAL_Driver\Src\stm32f4xx_hal_i2c.o
                0x08000cbc                HAL_I2C_ErrorCallback
 .text.HAL_I2C_AbortCpltCallback
                0x08000cbe        0x2 Drivers\STM32F4xx_HAL_Driver\Src\stm32f4xx_hal_i2c.o
                0x08000cbe                HAL_I2C_AbortCpltCallback
 .text.I2C_DMAAbort
                0x08000cc0       0x88 Drivers\STM32F4xx_HAL_Driver\Src\stm32f4xx_hal_i2c.o
 .text.I2C_ITError
                0x08000d48      0x148 Drivers\STM32F4xx_HAL_Driver\Src\stm32f4xx_hal_i2c.o
 .text.HAL_I2C_EV_IRQHandler
                0x08000e90      0x81c Drivers\STM32F4xx_HAL_Driver\Src\stm32f4xx_hal_i2c.o
                0x08000e90                HAL_I2C_EV_IRQHandler
 .text.HAL_RCC_OscConfig
                0x080016ac      0x34c Drivers\STM32F4xx_HAL_Driver\Src\stm32f4xx_hal_rcc.o
                0x080016ac                HAL_RCC_OscConfig
 .text.HAL_RCC_GetSysClockFreq
                0x080019f8       0x4c Drivers\STM32F4xx_HAL_Driver\Src\stm32f4xx_hal_rcc.o
                0x080019f8                HAL_RCC_GetSysClockFreq
 .text.HAL_RCC_ClockConfig
                0x08001a44      0x138 Drivers\STM32F4xx_HAL_Driver\Src\stm32f4xx_hal_rcc.o
                0x08001a44                HAL_RCC_ClockConfig
 .text.HAL_RCC_GetPCLK1Freq
                0x08001b7c       0x20 Drivers\STM32F4xx_HAL_Driver\Src\stm32f4xx_hal_rcc.o
                0x08001b7c                HAL_RCC_GetPCLK1Freq
 .text.HAL_RCC_GetPCLK2Freq
                0x08001b9c       0x20 Drivers\STM32F4xx_HAL_Driver\Src\stm32f4xx_hal_rcc.o
                0x08001b9c                HAL_RCC_GetPCLK2Freq
 .text.TIM_OC1_SetConfig
                0x08001bbc       0x50 Drivers\STM32F4xx_HAL_Driver\Src\stm32f4xx_hal_tim.o
 .text.TIM_OC3_SetConfig
                0x08001c0c       0x54 Drivers\STM32F4xx_HAL_Driver\Src\stm32f4xx_hal_tim.o
 .text.TIM_OC4_SetConfig
                0x08001c60       0x44 Drivers\STM32F4xx_HAL_Driver\Src\stm32f4xx_hal_tim.o
 .text.HAL_TIM_PWM_MspInit
                0x08001ca4        0x2 Drivers\STM32F4xx_HAL_Driver\Src\stm32f4xx_hal_tim.o
                0x08001ca4                HAL_TIM_PWM_MspInit
 .text.HAL_TIM_PeriodElapsedCallback
                0x08001ca6        0x2 Drivers\STM32F4xx_HAL_Driver\Src\stm32f4xx_hal_tim.o
                0x08001ca6                HAL_TIM_PeriodElapsedCallback
 .text.HAL_TIM_OC_DelayElapsedCallback
                0x08001ca8        0x2 Drivers\STM32F4xx_HAL_Driver\Src\stm32f4xx_hal_tim.o
                0x08001ca8                HAL_TIM_OC_DelayElapsedCallback
 .text.HAL_TIM_IC_CaptureCallback
                0x08001caa        0x2 Drivers\STM32F4xx_HAL_Driver\Src\stm32f4xx_hal_tim.o
                0x08001caa                HAL_TIM_IC_CaptureCallback
 .text.HAL_TIM_PWM_PulseFinishedCallback
                0x08001cac        0x2 Drivers\STM32F4xx_HAL_Driver\Src\stm32f4xx_hal_tim.o
                0x08001cac                HAL_TIM_PWM_PulseFinishedCallback
 .text.HAL_TIM_TriggerCallback
                0x08001cae        0x2 Drivers\STM32F4xx_HAL_Driver\Src\stm32f4xx_hal_tim.o
                0x08001cae                HAL_TIM_TriggerCallback
 .text.HAL_TIM_IRQHandler
                0x08001cb0      0x144 Drivers\STM32F4xx_HAL_Driver\Src\stm32f4xx_hal_tim.o
                0x08001cb0                HAL_TIM_IRQHandler
 .text.TIM_Base_SetConfig
                0x08001df4       0x9c Drivers\STM32F4xx_HAL_Driver\Src\stm32f4xx_hal_tim.o
                0x08001df4                TIM_Base_SetConfig
 .text.HAL_TIM_Base_Init
                0x08001e90       0x34 Drivers\STM32F4xx_HAL_Driver\Src\stm32f4xx_hal_tim.o
                0x08001e90                HAL_TIM_Base_Init
 .text.HAL_TIM_PWM_Init
                0x08001ec4       0x34 Drivers\STM32F4xx_HAL_Driver\Src\stm32f4xx_hal_tim.o
                0x08001ec4                HAL_TIM_PWM_Init
 .text.HAL_TIM_Encoder_Init
                0x08001ef8       0x96 Drivers\STM32F4xx_HAL_Driver\Src\stm32f4xx_hal_tim.o
                0x08001ef8                HAL_TIM_Encoder_Init
 *fill*         0x08001f8e        0x2 
 .text.TIM_OC2_SetConfig
                0x08001f90       0x58 Drivers\STM32F4xx_HAL_Driver\Src\stm32f4xx_hal_tim.o
                0x08001f90                TIM_OC2_SetConfig
 .text.HAL_TIM_PWM_ConfigChannel
                0x08001fe8       0xc4 Drivers\STM32F4xx_HAL_Driver\Src\stm32f4xx_hal_tim.o
                0x08001fe8                HAL_TIM_PWM_ConfigChannel
 .text.TIM_ETR_SetConfig
                0x080020ac       0x14 Drivers\STM32F4xx_HAL_Driver\Src\stm32f4xx_hal_tim.o
                0x080020ac                TIM_ETR_SetConfig
 .text.HAL_TIM_ConfigClockSource
                0x080020c0      0x128 Drivers\STM32F4xx_HAL_Driver\Src\stm32f4xx_hal_tim.o
                0x080020c0                HAL_TIM_ConfigClockSource
 .text.HAL_TIMEx_MasterConfigSynchronization
                0x080021e8       0x74 Drivers\STM32F4xx_HAL_Driver\Src\stm32f4xx_hal_tim_ex.o
                0x080021e8                HAL_TIMEx_MasterConfigSynchronization
 .text.HAL_TIMEx_CommutCallback
                0x0800225c        0x2 Drivers\STM32F4xx_HAL_Driver\Src\stm32f4xx_hal_tim_ex.o
                0x0800225c                HAL_TIMEx_CommutCallback
 .text.HAL_TIMEx_BreakCallback
                0x0800225e        0x2 Drivers\STM32F4xx_HAL_Driver\Src\stm32f4xx_hal_tim_ex.o
                0x0800225e                HAL_TIMEx_BreakCallback
 .text.UART_EndRxTransfer
                0x08002260       0x1a Drivers\STM32F4xx_HAL_Driver\Src\stm32f4xx_hal_uart.o
 *fill*         0x0800227a        0x2 
 .text.UART_SetConfig
                0x0800227c       0xdc Drivers\STM32F4xx_HAL_Driver\Src\stm32f4xx_hal_uart.o
 .text.HAL_UART_Init
                0x08002358       0x5c Drivers\STM32F4xx_HAL_Driver\Src\stm32f4xx_hal_uart.o
                0x08002358                HAL_UART_Init
 .text.HAL_UART_Transmit_IT
                0x080023b4       0x3e Drivers\STM32F4xx_HAL_Driver\Src\stm32f4xx_hal_uart.o
                0x080023b4                HAL_UART_Transmit_IT
 .text.HAL_UART_TxCpltCallback
                0x080023f2        0x2 Drivers\STM32F4xx_HAL_Driver\Src\stm32f4xx_hal_uart.o
                0x080023f2                HAL_UART_TxCpltCallback
 .text.HAL_UART_RxCpltCallback
                0x080023f4        0x2 Drivers\STM32F4xx_HAL_Driver\Src\stm32f4xx_hal_uart.o
                0x080023f4                HAL_UART_RxCpltCallback
 .text.UART_Receive_IT
                0x080023f6       0x7c Drivers\STM32F4xx_HAL_Driver\Src\stm32f4xx_hal_uart.o
 .text.HAL_UART_ErrorCallback
                0x08002472        0x2 Drivers\STM32F4xx_HAL_Driver\Src\stm32f4xx_hal_uart.o
                0x08002472                HAL_UART_ErrorCallback
 .text.HAL_UART_IRQHandler
                0x08002474      0x144 Drivers\STM32F4xx_HAL_Driver\Src\stm32f4xx_hal_uart.o
                0x08002474                HAL_UART_IRQHandler
 .text.UART_DMAAbortOnError
                0x080025b8       0x10 Drivers\STM32F4xx_HAL_Driver\Src\stm32f4xx_hal_uart.o
 .text.MX_ADC1_Init
                0x080025c8       0x68 Src\adc.o
                0x080025c8                MX_ADC1_Init
 .text.HAL_ADC_MspInit
                0x08002630       0x60 Src\adc.o
                0x08002630                HAL_ADC_MspInit
 .text.MX_GPIO_Init
                0x08002690       0xf4 Src\gpio.o
                0x08002690                MX_GPIO_Init
 .text.MX_I2C3_Init
                0x08002784       0x40 Src\i2c.o
                0x08002784                MX_I2C3_Init
 .text.HAL_I2C_MspInit
                0x080027c4       0xc0 Src\i2c.o
                0x080027c4                HAL_I2C_MspInit
 .text.SystemClock_Config
                0x08002884       0x90 Src\main.o
                0x08002884                SystemClock_Config
 .text.startup.main
                0x08002914       0x6c Src\main.o
                0x08002914                main
 .text.Error_Handler
                0x08002980        0x2 Src\main.o
                0x08002980                Error_Handler
 *fill*         0x08002982        0x2 
 .text.HAL_MspInit
                0x08002984       0x38 Src\stm32f4xx_hal_msp.o
                0x08002984                HAL_MspInit
 .text.NMI_Handler
                0x080029bc        0x2 Src\stm32f4xx_it.o
                0x080029bc                NMI_Handler
 .text.HardFault_Handler
                0x080029be        0x2 Src\stm32f4xx_it.o
                0x080029be                HardFault_Handler
 .text.MemManage_Handler
                0x080029c0        0x2 Src\stm32f4xx_it.o
                0x080029c0                MemManage_Handler
 .text.BusFault_Handler
                0x080029c2        0x2 Src\stm32f4xx_it.o
                0x080029c2                BusFault_Handler
 .text.UsageFault_Handler
                0x080029c4        0x2 Src\stm32f4xx_it.o
                0x080029c4                UsageFault_Handler
 .text.SVC_Handler
                0x080029c6        0x2 Src\stm32f4xx_it.o
                0x080029c6                SVC_Handler
 .text.DebugMon_Handler
                0x080029c8        0x2 Src\stm32f4xx_it.o
                0x080029c8                DebugMon_Handler
 .text.PendSV_Handler
                0x080029ca        0x2 Src\stm32f4xx_it.o
                0x080029ca                PendSV_Handler
 .text.SysTick_Handler
                0x080029cc        0x4 Src\stm32f4xx_it.o
                0x080029cc                SysTick_Handler
 .text.TIM1_UP_TIM10_IRQHandler
                0x080029d0        0xc Src\stm32f4xx_it.o
                0x080029d0                TIM1_UP_TIM10_IRQHandler
 .text.TIM1_TRG_COM_TIM11_IRQHandler
                0x080029dc        0xc Src\stm32f4xx_it.o
                0x080029dc                TIM1_TRG_COM_TIM11_IRQHandler
 .text.TIM3_IRQHandler
                0x080029e8        0xc Src\stm32f4xx_it.o
                0x080029e8                TIM3_IRQHandler
 .text.USART1_IRQHandler
                0x080029f4        0xc Src\stm32f4xx_it.o
                0x080029f4                USART1_IRQHandler
 .text.I2C3_EV_IRQHandler
                0x08002a00        0xc Src\stm32f4xx_it.o
                0x08002a00                I2C3_EV_IRQHandler
 .text.SystemInit
                0x08002a0c       0x1c Src\system_stm32f4xx.o
                0x08002a0c                SystemInit
 .text.MX_TIM2_Init
                0x08002a28       0x60 Src\tim.o
                0x08002a28                MX_TIM2_Init
 .text.MX_TIM5_Init
                0x08002a88       0x64 Src\tim.o
                0x08002a88                MX_TIM5_Init
 .text.MX_TIM10_Init
                0x08002aec       0x34 Src\tim.o
                0x08002aec                MX_TIM10_Init
 .text.MX_TIM11_Init
                0x08002b20       0x34 Src\tim.o
                0x08002b20                MX_TIM11_Init
 .text.HAL_TIM_Encoder_MspInit
                0x08002b54       0xdc Src\tim.o
                0x08002b54                HAL_TIM_Encoder_MspInit
 .text.HAL_TIM_Base_MspInit
                0x08002c30       0x9c Src\tim.o
                0x08002c30                HAL_TIM_Base_MspInit
 .text.HAL_TIM_MspPostInit
                0x08002ccc       0x54 Src\tim.o
                0x08002ccc                HAL_TIM_MspPostInit
 .text.MX_TIM3_Init
                0x08002d20       0xb0 Src\tim.o
                0x08002d20                MX_TIM3_Init
 .text.MX_USART1_UART_Init
                0x08002dd0       0x38 Src\usart.o
                0x08002dd0                MX_USART1_UART_Init
 .text.HAL_UART_MspInit
                0x08002e08       0x7c Src\usart.o
                0x08002e08                HAL_UART_MspInit
 .text.Reset_Handler
                0x08002e84       0x50 startup\startup_stm32f411xe.o
                0x08002e84                Reset_Handler
 .text.Default_Handler
                0x08002ed4        0x2 startup\startup_stm32f411xe.o
                0x08002ed4                RTC_Alarm_IRQHandler
                0x08002ed4                EXTI2_IRQHandler
                0x08002ed4                SPI4_IRQHandler
                0x08002ed4                TIM1_CC_IRQHandler
                0x08002ed4                DMA2_Stream5_IRQHandler
                0x08002ed4                DMA1_Stream5_IRQHandler
                0x08002ed4                PVD_IRQHandler
                0x08002ed4                SDIO_IRQHandler
                0x08002ed4                TAMP_STAMP_IRQHandler
                0x08002ed4                EXTI3_IRQHandler
                0x08002ed4                I2C3_ER_IRQHandler
                0x08002ed4                EXTI0_IRQHandler
                0x08002ed4                I2C2_EV_IRQHandler
                0x08002ed4                DMA1_Stream2_IRQHandler
                0x08002ed4                FPU_IRQHandler
                0x08002ed4                DMA2_Stream2_IRQHandler
                0x08002ed4                SPI1_IRQHandler
                0x08002ed4                TIM1_BRK_TIM9_IRQHandler
                0x08002ed4                DMA2_Stream3_IRQHandler
                0x08002ed4                USART6_IRQHandler
                0x08002ed4                DMA2_Stream0_IRQHandler
                0x08002ed4                TIM4_IRQHandler
                0x08002ed4                I2C1_EV_IRQHandler
                0x08002ed4                DMA1_Stream6_IRQHandler
                0x08002ed4                DMA1_Stream1_IRQHandler
                0x08002ed4                RCC_IRQHandler
                0x08002ed4                Default_Handler
                0x08002ed4                EXTI15_10_IRQHandler
                0x08002ed4                ADC_IRQHandler
                0x08002ed4                DMA1_Stream7_IRQHandler
                0x08002ed4                SPI5_IRQHandler
                0x08002ed4                TIM5_IRQHandler
                0x08002ed4                DMA2_Stream7_IRQHandler
                0x08002ed4                EXTI9_5_IRQHandler
                0x08002ed4                RTC_WKUP_IRQHandler
                0x08002ed4                SPI2_IRQHandler
                0x08002ed4                DMA1_Stream0_IRQHandler
                0x08002ed4                EXTI4_IRQHandler
                0x08002ed4                WWDG_IRQHandler
                0x08002ed4                TIM2_IRQHandler
                0x08002ed4                OTG_FS_WKUP_IRQHandler
                0x08002ed4                EXTI1_IRQHandler
                0x08002ed4                USART2_IRQHandler
                0x08002ed4                I2C2_ER_IRQHandler
                0x08002ed4                DMA2_Stream1_IRQHandler
                0x08002ed4                FLASH_IRQHandler
                0x08002ed4                DMA2_Stream4_IRQHandler
                0x08002ed4                OTG_FS_IRQHandler
                0x08002ed4                SPI3_IRQHandler
                0x08002ed4                DMA1_Stream4_IRQHandler
                0x08002ed4                I2C1_ER_IRQHandler
                0x08002ed4                DMA2_Stream6_IRQHandler
                0x08002ed4                DMA1_Stream3_IRQHandler
 *fill*         0x08002ed6        0x2 
 .text.__libc_init_array
                0x08002ed8       0x48 c:/program files (x86)/atollic/truestudio for stm32 9.3.0/armtools/bin/../lib/gcc/arm-atollic-eabi/6.3.1/../../../../arm-atollic-eabi/lib/armv7e-m/fpu\libc_nano.a(lib_a-init.o)
                0x08002ed8                __libc_init_array
 .text.memset   0x08002f20       0x10 c:/program files (x86)/atollic/truestudio for stm32 9.3.0/armtools/bin/../lib/gcc/arm-atollic-eabi/6.3.1/../../../../arm-atollic-eabi/lib/armv7e-m/fpu\libc_nano.a(lib_a-memset.o)
                0x08002f20                memset
 *(.glue_7)
 .glue_7        0x08002f30        0x0 linker stubs
 *(.glue_7t)
 .glue_7t       0x08002f30        0x0 linker stubs
 *(.eh_frame)
 .eh_frame      0x08002f30        0x0 c:/program files (x86)/atollic/truestudio for stm32 9.3.0/armtools/bin/../lib/gcc/arm-atollic-eabi/6.3.1/armv7e-m/fpu/crtbegin.o
 *(.init)
 .init          0x08002f30        0x4 c:/program files (x86)/atollic/truestudio for stm32 9.3.0/armtools/bin/../lib/gcc/arm-atollic-eabi/6.3.1/armv7e-m/fpu/crti.o
                0x08002f30                _init
 .init          0x08002f34        0x8 c:/program files (x86)/atollic/truestudio for stm32 9.3.0/armtools/bin/../lib/gcc/arm-atollic-eabi/6.3.1/armv7e-m/fpu/crtn.o
 *(.fini)
 .fini          0x08002f3c        0x4 c:/program files (x86)/atollic/truestudio for stm32 9.3.0/armtools/bin/../lib/gcc/arm-atollic-eabi/6.3.1/armv7e-m/fpu/crti.o
                0x08002f3c                _fini
 .fini          0x08002f40        0x8 c:/program files (x86)/atollic/truestudio for stm32 9.3.0/armtools/bin/../lib/gcc/arm-atollic-eabi/6.3.1/armv7e-m/fpu/crtn.o
                0x08002f48                . = ALIGN (0x4)
                0x08002f48                _etext = .

.vfp11_veneer   0x08002f48        0x0
 .vfp11_veneer  0x08002f48        0x0 linker stubs

.v4_bx          0x08002f48        0x0
 .v4_bx         0x08002f48        0x0 linker stubs

.iplt           0x08002f48        0x0
 .iplt          0x08002f48        0x0 c:/program files (x86)/atollic/truestudio for stm32 9.3.0/armtools/bin/../lib/gcc/arm-atollic-eabi/6.3.1/armv7e-m/fpu/crtbegin.o

.rodata         0x08002f48       0x28
                0x08002f48                . = ALIGN (0x4)
 *(.rodata)
 *(.rodata*)
 .rodata.main.str1.1
                0x08002f48        0xd Src\main.o
 .rodata.AHBPrescTable
                0x08002f55       0x10 Src\system_stm32f4xx.o
                0x08002f55                AHBPrescTable
 .rodata.APBPrescTable
                0x08002f65        0x8 Src\system_stm32f4xx.o
                0x08002f65                APBPrescTable
                0x08002f70                . = ALIGN (0x4)
 *fill*         0x08002f6d        0x3 

.ARM.extab
 *(.ARM.extab* .gnu.linkonce.armextab.*)

.ARM            0x08002f70        0x8
                0x08002f70                __exidx_start = .
 *(.ARM.exidx*)
 .ARM.exidx     0x08002f70        0x8 c:/program files (x86)/atollic/truestudio for stm32 9.3.0/armtools/bin/../lib/gcc/arm-atollic-eabi/6.3.1/armv7e-m/fpu\libgcc.a(_udivmoddi4.o)
                0x08002f78                __exidx_end = .

.rel.dyn        0x08002f78        0x0
 .rel.iplt      0x08002f78        0x0 c:/program files (x86)/atollic/truestudio for stm32 9.3.0/armtools/bin/../lib/gcc/arm-atollic-eabi/6.3.1/armv7e-m/fpu/crtbegin.o

.preinit_array  0x08002f78        0x0
                0x08002f78                PROVIDE (__preinit_array_start, .)
 *(.preinit_array*)
                0x08002f78                PROVIDE (__preinit_array_end, .)

.init_array     0x08002f78        0x4
                0x08002f78                PROVIDE (__init_array_start, .)
 *(SORT(.init_array.*))
 *(.init_array*)
 .init_array    0x08002f78        0x4 c:/program files (x86)/atollic/truestudio for stm32 9.3.0/armtools/bin/../lib/gcc/arm-atollic-eabi/6.3.1/armv7e-m/fpu/crtbegin.o
                0x08002f7c                PROVIDE (__init_array_end, .)

.fini_array     0x08002f7c        0x4
                [!provide]                PROVIDE (__fini_array_start, .)
 *(SORT(.fini_array.*))
 *(.fini_array*)
 .fini_array    0x08002f7c        0x4 c:/program files (x86)/atollic/truestudio for stm32 9.3.0/armtools/bin/../lib/gcc/arm-atollic-eabi/6.3.1/armv7e-m/fpu/crtbegin.o
                [!provide]                PROVIDE (__fini_array_end, .)
                0x08002f80                _sidata = LOADADDR (.data)

.data           0x20000000        0xc load address 0x08002f80
                0x20000000                . = ALIGN (0x4)
                0x20000000                _sdata = .
 *(.data)
 *(.data*)
 .data.uwTickFreq
                0x20000000        0x1 Drivers\STM32F4xx_HAL_Driver\Src\stm32f4xx_hal.o
                0x20000000                uwTickFreq
 *fill*         0x20000001        0x3 
 .data.uwTickPrio
                0x20000004        0x4 Drivers\STM32F4xx_HAL_Driver\Src\stm32f4xx_hal.o
                0x20000004                uwTickPrio
 .data.SystemCoreClock
                0x20000008        0x4 Src\system_stm32f4xx.o
                0x20000008                SystemCoreClock
                0x2000000c                . = ALIGN (0x4)
                0x2000000c                _edata = .

.igot.plt       0x2000000c        0x0 load address 0x08002f8c
 .igot.plt      0x2000000c        0x0 c:/program files (x86)/atollic/truestudio for stm32 9.3.0/armtools/bin/../lib/gcc/arm-atollic-eabi/6.3.1/armv7e-m/fpu/crtbegin.o
                0x2000000c                . = ALIGN (0x4)

.bss            0x2000000c      0x23c load address 0x08002f8c
                0x2000000c                _sbss = .
                0x2000000c                __bss_start__ = _sbss
 *(.bss)
 .bss           0x2000000c       0x1c c:/program files (x86)/atollic/truestudio for stm32 9.3.0/armtools/bin/../lib/gcc/arm-atollic-eabi/6.3.1/armv7e-m/fpu/crtbegin.o
 *(.bss*)
 *(COMMON)
 COMMON         0x20000028        0x4 Drivers\STM32F4xx_HAL_Driver\Src\stm32f4xx_hal.o
                0x20000028                uwTick
 COMMON         0x2000002c       0x48 Src\adc.o
                0x2000002c                hadc1
 COMMON         0x20000074       0x54 Src\i2c.o
                0x20000074                hi2c3
 COMMON         0x200000c8      0x140 Src\tim.o
                0x200000c8                htim10
                0x20000108                htim5
                0x20000148                htim3
                0x20000188                htim11
                0x200001c8                htim2
 COMMON         0x20000208       0x40 Src\usart.o
                0x20000208                huart1
                0x20000248                . = ALIGN (0x4)
                0x20000248                _ebss = .
                0x20000248                __bss_end__ = _ebss

._user_heap_stack
                0x20000248      0x600 load address 0x08002f8c
                0x20000248                . = ALIGN (0x4)
                0x20000248                PROVIDE (end, .)
                [!provide]                PROVIDE (_end, .)
                0x20000448                . = (. + _Min_Heap_Size)
 *fill*         0x20000248      0x200 
                0x20000848                . = (. + _Min_Stack_Size)
 *fill*         0x20000448      0x400 
                0x20000848                . = ALIGN (0x4)

/DISCARD/
 libc.a(*)
 libm.a(*)
 libgcc.a(*)

.ARM.attributes
                0x00000000       0x30
 *(.ARM.attributes)
 .ARM.attributes
                0x00000000       0x22 c:/program files (x86)/atollic/truestudio for stm32 9.3.0/armtools/bin/../lib/gcc/arm-atollic-eabi/6.3.1/armv7e-m/fpu/crti.o
 .ARM.attributes
                0x00000022       0x34 c:/program files (x86)/atollic/truestudio for stm32 9.3.0/armtools/bin/../lib/gcc/arm-atollic-eabi/6.3.1/armv7e-m/fpu/crtbegin.o
 .ARM.attributes
                0x00000056       0x39 Drivers\STM32F4xx_HAL_Driver\Src\stm32f4xx_hal.o
 .ARM.attributes
                0x0000008f       0x39 Drivers\STM32F4xx_HAL_Driver\Src\stm32f4xx_hal_adc.o
 .ARM.attributes
                0x000000c8       0x39 Drivers\STM32F4xx_HAL_Driver\Src\stm32f4xx_hal_cortex.o
 .ARM.attributes
                0x00000101       0x39 Drivers\STM32F4xx_HAL_Driver\Src\stm32f4xx_hal_dma.o
 .ARM.attributes
                0x0000013a       0x39 Drivers\STM32F4xx_HAL_Driver\Src\stm32f4xx_hal_gpio.o
 .ARM.attributes
                0x00000173       0x39 Drivers\STM32F4xx_HAL_Driver\Src\stm32f4xx_hal_i2c.o
 .ARM.attributes
                0x000001ac       0x39 Drivers\STM32F4xx_HAL_Driver\Src\stm32f4xx_hal_rcc.o
 .ARM.attributes
                0x000001e5       0x39 Drivers\STM32F4xx_HAL_Driver\Src\stm32f4xx_hal_tim.o
 .ARM.attributes
                0x0000021e       0x39 Drivers\STM32F4xx_HAL_Driver\Src\stm32f4xx_hal_tim_ex.o
 .ARM.attributes
                0x00000257       0x39 Drivers\STM32F4xx_HAL_Driver\Src\stm32f4xx_hal_uart.o
 .ARM.attributes
                0x00000290       0x39 Src\adc.o
 .ARM.attributes
                0x000002c9       0x39 Src\gpio.o
 .ARM.attributes
                0x00000302       0x39 Src\i2c.o
 .ARM.attributes
                0x0000033b       0x39 Src\main.o
 .ARM.attributes
                0x00000374       0x39 Src\stm32f4xx_hal_msp.o
 .ARM.attributes
                0x000003ad       0x39 Src\stm32f4xx_it.o
 .ARM.attributes
                0x000003e6       0x39 Src\system_stm32f4xx.o
 .ARM.attributes
                0x0000041f       0x39 Src\tim.o
 .ARM.attributes
                0x00000458       0x39 Src\usart.o
 .ARM.attributes
                0x00000491       0x21 startup\startup_stm32f411xe.o
 .ARM.attributes
                0x000004b2       0x34 c:/program files (x86)/atollic/truestudio for stm32 9.3.0/armtools/bin/../lib/gcc/arm-atollic-eabi/6.3.1/../../../../arm-atollic-eabi/lib/armv7e-m/fpu\libc_nano.a(lib_a-init.o)
 .ARM.attributes
                0x000004e6       0x34 c:/program files (x86)/atollic/truestudio for stm32 9.3.0/armtools/bin/../lib/gcc/arm-atollic-eabi/6.3.1/../../../../arm-atollic-eabi/lib/armv7e-m/fpu\libc_nano.a(lib_a-memset.o)
 .ARM.attributes
                0x0000051a       0x22 c:/program files (x86)/atollic/truestudio for stm32 9.3.0/armtools/bin/../lib/gcc/arm-atollic-eabi/6.3.1/armv7e-m/fpu\libgcc.a(_aeabi_uldivmod.o)
 .ARM.attributes
                0x0000053c       0x34 c:/program files (x86)/atollic/truestudio for stm32 9.3.0/armtools/bin/../lib/gcc/arm-atollic-eabi/6.3.1/armv7e-m/fpu\libgcc.a(_udivmoddi4.o)
 .ARM.attributes
                0x00000570       0x22 c:/program files (x86)/atollic/truestudio for stm32 9.3.0/armtools/bin/../lib/gcc/arm-atollic-eabi/6.3.1/armv7e-m/fpu\libgcc.a(_dvmd_tls.o)
 .ARM.attributes
                0x00000592       0x22 c:/program files (x86)/atollic/truestudio for stm32 9.3.0/armtools/bin/../lib/gcc/arm-atollic-eabi/6.3.1/armv7e-m/fpu/crtn.o
OUTPUT(cleantest.elf elf32-littlearm)

.debug_info     0x00000000    0x13e17
 .debug_info    0x00000000      0x9a8 Drivers\STM32F4xx_HAL_Driver\Src\stm32f4xx_hal.o
 .debug_info    0x000009a8      0xdfa Drivers\STM32F4xx_HAL_Driver\Src\stm32f4xx_hal_adc.o
 .debug_info    0x000017a2      0xefa Drivers\STM32F4xx_HAL_Driver\Src\stm32f4xx_hal_cortex.o
 .debug_info    0x0000269c      0xa95 Drivers\STM32F4xx_HAL_Driver\Src\stm32f4xx_hal_dma.o
 .debug_info    0x00003131      0x7ee Drivers\STM32F4xx_HAL_Driver\Src\stm32f4xx_hal_gpio.o
 .debug_info    0x0000391f     0x3417 Drivers\STM32F4xx_HAL_Driver\Src\stm32f4xx_hal_i2c.o
 .debug_info    0x00006d36      0xad7 Drivers\STM32F4xx_HAL_Driver\Src\stm32f4xx_hal_rcc.o
 .debug_info    0x0000780d     0x3519 Drivers\STM32F4xx_HAL_Driver\Src\stm32f4xx_hal_tim.o
 .debug_info    0x0000ad26     0x1347 Drivers\STM32F4xx_HAL_Driver\Src\stm32f4xx_hal_tim_ex.o
 .debug_info    0x0000c06d     0x16a8 Drivers\STM32F4xx_HAL_Driver\Src\stm32f4xx_hal_uart.o
 .debug_info    0x0000d715      0xafb Src\adc.o
 .debug_info    0x0000e210      0x5f6 Src\gpio.o
 .debug_info    0x0000e806      0xd09 Src\i2c.o
 .debug_info    0x0000f50f     0x13fb Src\main.o
 .debug_info    0x0001090a      0x38e Src\stm32f4xx_hal_msp.o
 .debug_info    0x00010c98      0xc51 Src\stm32f4xx_it.o
 .debug_info    0x000118e9      0x585 Src\system_stm32f4xx.o
 .debug_info    0x00011e6e     0x130e Src\tim.o
 .debug_info    0x0001317c      0xc17 Src\usart.o
 .debug_info    0x00013d93       0x84 startup\startup_stm32f411xe.o

.debug_abbrev   0x00000000     0x2ba1
 .debug_abbrev  0x00000000      0x264 Drivers\STM32F4xx_HAL_Driver\Src\stm32f4xx_hal.o
 .debug_abbrev  0x00000264      0x287 Drivers\STM32F4xx_HAL_Driver\Src\stm32f4xx_hal_adc.o
 .debug_abbrev  0x000004eb      0x314 Drivers\STM32F4xx_HAL_Driver\Src\stm32f4xx_hal_cortex.o
 .debug_abbrev  0x000007ff      0x2b0 Drivers\STM32F4xx_HAL_Driver\Src\stm32f4xx_hal_dma.o
 .debug_abbrev  0x00000aaf      0x1ef Drivers\STM32F4xx_HAL_Driver\Src\stm32f4xx_hal_gpio.o
 .debug_abbrev  0x00000c9e      0x399 Drivers\STM32F4xx_HAL_Driver\Src\stm32f4xx_hal_i2c.o
 .debug_abbrev  0x00001037      0x2cb Drivers\STM32F4xx_HAL_Driver\Src\stm32f4xx_hal_rcc.o
 .debug_abbrev  0x00001302      0x333 Drivers\STM32F4xx_HAL_Driver\Src\stm32f4xx_hal_tim.o
 .debug_abbrev  0x00001635      0x2ab Drivers\STM32F4xx_HAL_Driver\Src\stm32f4xx_hal_tim_ex.o
 .debug_abbrev  0x000018e0      0x322 Drivers\STM32F4xx_HAL_Driver\Src\stm32f4xx_hal_uart.o
 .debug_abbrev  0x00001c02      0x1e8 Src\adc.o
 .debug_abbrev  0x00001dea      0x173 Src\gpio.o
 .debug_abbrev  0x00001f5d      0x1f4 Src\i2c.o
 .debug_abbrev  0x00002151      0x20a Src\main.o
 .debug_abbrev  0x0000235b      0x104 Src\stm32f4xx_hal_msp.o
 .debug_abbrev  0x0000245f      0x1de Src\stm32f4xx_it.o
 .debug_abbrev  0x0000263d      0x126 Src\system_stm32f4xx.o
 .debug_abbrev  0x00002763      0x238 Src\tim.o
 .debug_abbrev  0x0000299b      0x1f4 Src\usart.o
 .debug_abbrev  0x00002b8f       0x12 startup\startup_stm32f411xe.o

.debug_loc      0x00000000     0x9c48
 .debug_loc     0x00000000      0x12e Drivers\STM32F4xx_HAL_Driver\Src\stm32f4xx_hal.o
 .debug_loc     0x0000012e      0x7e9 Drivers\STM32F4xx_HAL_Driver\Src\stm32f4xx_hal_adc.o
 .debug_loc     0x00000917      0x4fb Drivers\STM32F4xx_HAL_Driver\Src\stm32f4xx_hal_cortex.o
 .debug_loc     0x00000e12      0x727 Drivers\STM32F4xx_HAL_Driver\Src\stm32f4xx_hal_dma.o
 .debug_loc     0x00001539      0x337 Drivers\STM32F4xx_HAL_Driver\Src\stm32f4xx_hal_gpio.o
 .debug_loc     0x00001870     0x3009 Drivers\STM32F4xx_HAL_Driver\Src\stm32f4xx_hal_i2c.o
 .debug_loc     0x00004879      0x33a Drivers\STM32F4xx_HAL_Driver\Src\stm32f4xx_hal_rcc.o
 .debug_loc     0x00004bb3     0x2f57 Drivers\STM32F4xx_HAL_Driver\Src\stm32f4xx_hal_tim.o
 .debug_loc     0x00007b0a      0xa7c Drivers\STM32F4xx_HAL_Driver\Src\stm32f4xx_hal_tim_ex.o
 .debug_loc     0x00008586     0x1350 Drivers\STM32F4xx_HAL_Driver\Src\stm32f4xx_hal_uart.o
 .debug_loc     0x000098d6       0x58 Src\adc.o
 .debug_loc     0x0000992e       0x58 Src\i2c.o
 .debug_loc     0x00009986      0x111 Src\system_stm32f4xx.o
 .debug_loc     0x00009a97      0x159 Src\tim.o
 .debug_loc     0x00009bf0       0x58 Src\usart.o

.debug_aranges  0x00000000      0xc68
 .debug_aranges
                0x00000000       0xe8 Drivers\STM32F4xx_HAL_Driver\Src\stm32f4xx_hal.o
 .debug_aranges
                0x000000e8       0xb8 Drivers\STM32F4xx_HAL_Driver\Src\stm32f4xx_hal_adc.o
 .debug_aranges
                0x000001a0       0xa8 Drivers\STM32F4xx_HAL_Driver\Src\stm32f4xx_hal_cortex.o
 .debug_aranges
                0x00000248       0x80 Drivers\STM32F4xx_HAL_Driver\Src\stm32f4xx_hal_dma.o
 .debug_aranges
                0x000002c8       0x58 Drivers\STM32F4xx_HAL_Driver\Src\stm32f4xx_hal_gpio.o
 .debug_aranges
                0x00000320      0x1b8 Drivers\STM32F4xx_HAL_Driver\Src\stm32f4xx_hal_i2c.o
 .debug_aranges
                0x000004d8       0x88 Drivers\STM32F4xx_HAL_Driver\Src\stm32f4xx_hal_rcc.o
 .debug_aranges
                0x00000560      0x278 Drivers\STM32F4xx_HAL_Driver\Src\stm32f4xx_hal_tim.o
 .debug_aranges
                0x000007d8       0xf8 Drivers\STM32F4xx_HAL_Driver\Src\stm32f4xx_hal_tim_ex.o
 .debug_aranges
                0x000008d0      0x170 Drivers\STM32F4xx_HAL_Driver\Src\stm32f4xx_hal_uart.o
 .debug_aranges
                0x00000a40       0x30 Src\adc.o
 .debug_aranges
                0x00000a70       0x20 Src\gpio.o
 .debug_aranges
                0x00000a90       0x30 Src\i2c.o
 .debug_aranges
                0x00000ac0       0x30 Src\main.o
 .debug_aranges
                0x00000af0       0x20 Src\stm32f4xx_hal_msp.o
 .debug_aranges
                0x00000b10       0x70 Src\stm32f4xx_it.o
 .debug_aranges
                0x00000b80       0x28 Src\system_stm32f4xx.o
 .debug_aranges
                0x00000ba8       0x68 Src\tim.o
 .debug_aranges
                0x00000c10       0x30 Src\usart.o
 .debug_aranges
                0x00000c40       0x28 startup\startup_stm32f411xe.o

.debug_ranges   0x00000000     0x10d0
 .debug_ranges  0x00000000       0xd8 Drivers\STM32F4xx_HAL_Driver\Src\stm32f4xx_hal.o
 .debug_ranges  0x000000d8       0xc8 Drivers\STM32F4xx_HAL_Driver\Src\stm32f4xx_hal_adc.o
 .debug_ranges  0x000001a0      0x128 Drivers\STM32F4xx_HAL_Driver\Src\stm32f4xx_hal_cortex.o
 .debug_ranges  0x000002c8       0xc8 Drivers\STM32F4xx_HAL_Driver\Src\stm32f4xx_hal_dma.o
 .debug_ranges  0x00000390       0x68 Drivers\STM32F4xx_HAL_Driver\Src\stm32f4xx_hal_gpio.o
 .debug_ranges  0x000003f8      0x3c0 Drivers\STM32F4xx_HAL_Driver\Src\stm32f4xx_hal_i2c.o
 .debug_ranges  0x000007b8       0xb0 Drivers\STM32F4xx_HAL_Driver\Src\stm32f4xx_hal_rcc.o
 .debug_ranges  0x00000868      0x340 Drivers\STM32F4xx_HAL_Driver\Src\stm32f4xx_hal_tim.o
 .debug_ranges  0x00000ba8       0xe8 Drivers\STM32F4xx_HAL_Driver\Src\stm32f4xx_hal_tim_ex.o
 .debug_ranges  0x00000c90      0x178 Drivers\STM32F4xx_HAL_Driver\Src\stm32f4xx_hal_uart.o
 .debug_ranges  0x00000e08       0x38 Src\adc.o
 .debug_ranges  0x00000e40       0x40 Src\gpio.o
 .debug_ranges  0x00000e80       0x50 Src\i2c.o
 .debug_ranges  0x00000ed0       0x38 Src\main.o
 .debug_ranges  0x00000f08       0x10 Src\stm32f4xx_hal_msp.o
 .debug_ranges  0x00000f18       0x60 Src\stm32f4xx_it.o
 .debug_ranges  0x00000f78       0x18 Src\system_stm32f4xx.o
 .debug_ranges  0x00000f90       0xe8 Src\tim.o
 .debug_ranges  0x00001078       0x38 Src\usart.o
 .debug_ranges  0x000010b0       0x20 startup\startup_stm32f411xe.o

.debug_line     0x00000000     0x7607
 .debug_line    0x00000000      0x420 Drivers\STM32F4xx_HAL_Driver\Src\stm32f4xx_hal.o
 .debug_line    0x00000420      0x6d9 Drivers\STM32F4xx_HAL_Driver\Src\stm32f4xx_hal_adc.o
 .debug_line    0x00000af9      0x469 Drivers\STM32F4xx_HAL_Driver\Src\stm32f4xx_hal_cortex.o
 .debug_line    0x00000f62      0x56e Drivers\STM32F4xx_HAL_Driver\Src\stm32f4xx_hal_dma.o
 .debug_line    0x000014d0      0x3d8 Drivers\STM32F4xx_HAL_Driver\Src\stm32f4xx_hal_gpio.o
 .debug_line    0x000018a8     0x1c1b Drivers\STM32F4xx_HAL_Driver\Src\stm32f4xx_hal_i2c.o
 .debug_line    0x000034c3      0x519 Drivers\STM32F4xx_HAL_Driver\Src\stm32f4xx_hal_rcc.o
 .debug_line    0x000039dc     0x10df Drivers\STM32F4xx_HAL_Driver\Src\stm32f4xx_hal_tim.o
 .debug_line    0x00004abb      0x6aa Drivers\STM32F4xx_HAL_Driver\Src\stm32f4xx_hal_tim_ex.o
 .debug_line    0x00005165      0xb95 Drivers\STM32F4xx_HAL_Driver\Src\stm32f4xx_hal_uart.o
 .debug_line    0x00005cfa      0x2ae Src\adc.o
 .debug_line    0x00005fa8      0x21d Src\gpio.o
 .debug_line    0x000061c5      0x2c0 Src\i2c.o
 .debug_line    0x00006485      0x35c Src\main.o
 .debug_line    0x000067e1      0x1e5 Src\stm32f4xx_hal_msp.o
 .debug_line    0x000069c6      0x2f7 Src\stm32f4xx_it.o
 .debug_line    0x00006cbd      0x209 Src\system_stm32f4xx.o
 .debug_line    0x00006ec6      0x411 Src\tim.o
 .debug_line    0x000072d7      0x2b1 Src\usart.o
 .debug_line    0x00007588       0x7f startup\startup_stm32f411xe.o

.debug_str      0x00000000     0x4724
 .debug_str     0x00000000      0xa1f Drivers\STM32F4xx_HAL_Driver\Src\stm32f4xx_hal.o
                                0xa88 (size before relaxing)
 .debug_str     0x00000a1f      0x6c8 Drivers\STM32F4xx_HAL_Driver\Src\stm32f4xx_hal_adc.o
                                0xa36 (size before relaxing)
 .debug_str     0x000010e7      0x4a1 Drivers\STM32F4xx_HAL_Driver\Src\stm32f4xx_hal_cortex.o
                                0xbb5 (size before relaxing)
 .debug_str     0x00001588      0x2f5 Drivers\STM32F4xx_HAL_Driver\Src\stm32f4xx_hal_dma.o
                                0x859 (size before relaxing)
 .debug_str     0x0000187d      0x1cd Drivers\STM32F4xx_HAL_Driver\Src\stm32f4xx_hal_gpio.o
                                0x5e5 (size before relaxing)
 .debug_str     0x00001a4a      0xb16 Drivers\STM32F4xx_HAL_Driver\Src\stm32f4xx_hal_i2c.o
                               0x110d (size before relaxing)
 .debug_str     0x00002560      0x2d4 Drivers\STM32F4xx_HAL_Driver\Src\stm32f4xx_hal_rcc.o
                                0x7c3 (size before relaxing)
 .debug_str     0x00002834      0xfd9 Drivers\STM32F4xx_HAL_Driver\Src\stm32f4xx_hal_tim.o
                               0x15b0 (size before relaxing)
 .debug_str     0x0000380d      0x548 Drivers\STM32F4xx_HAL_Driver\Src\stm32f4xx_hal_tim_ex.o
                                0xdc8 (size before relaxing)
 .debug_str     0x00003d55      0x6c0 Drivers\STM32F4xx_HAL_Driver\Src\stm32f4xx_hal_uart.o
                                0xd14 (size before relaxing)
 .debug_str     0x00004415       0x3f Src\adc.o
                                0x8f4 (size before relaxing)
 .debug_str     0x00004454       0x1b Src\gpio.o
                                0x485 (size before relaxing)
 .debug_str     0x0000446f       0x2a Src\i2c.o
                                0xd8a (size before relaxing)
 .debug_str     0x00004499       0xa9 Src\main.o
                               0x107d (size before relaxing)
 .debug_str     0x00004542       0x1b Src\stm32f4xx_hal_msp.o
                                0x3cd (size before relaxing)
 .debug_str     0x0000455d      0x112 Src\stm32f4xx_it.o
                                0xc7a (size before relaxing)
 .debug_str     0x0000466f       0x45 Src\system_stm32f4xx.o
                                0x449 (size before relaxing)
 .debug_str     0x000046b4       0x56 Src\tim.o
                                0xfa5 (size before relaxing)
 .debug_str     0x0000470a       0x1a Src\usart.o
                                0xcb0 (size before relaxing)

.comment        0x00000000       0x7c
 .comment       0x00000000       0x7c Drivers\STM32F4xx_HAL_Driver\Src\stm32f4xx_hal.o
                                 0x7d (size before relaxing)
 .comment       0x0000007c       0x7d Drivers\STM32F4xx_HAL_Driver\Src\stm32f4xx_hal_adc.o
 .comment       0x0000007c       0x7d Drivers\STM32F4xx_HAL_Driver\Src\stm32f4xx_hal_cortex.o
 .comment       0x0000007c       0x7d Drivers\STM32F4xx_HAL_Driver\Src\stm32f4xx_hal_dma.o
 .comment       0x0000007c       0x7d Drivers\STM32F4xx_HAL_Driver\Src\stm32f4xx_hal_gpio.o
 .comment       0x0000007c       0x7d Drivers\STM32F4xx_HAL_Driver\Src\stm32f4xx_hal_i2c.o
 .comment       0x0000007c       0x7d Drivers\STM32F4xx_HAL_Driver\Src\stm32f4xx_hal_rcc.o
 .comment       0x0000007c       0x7d Drivers\STM32F4xx_HAL_Driver\Src\stm32f4xx_hal_tim.o
 .comment       0x0000007c       0x7d Drivers\STM32F4xx_HAL_Driver\Src\stm32f4xx_hal_tim_ex.o
 .comment       0x0000007c       0x7d Drivers\STM32F4xx_HAL_Driver\Src\stm32f4xx_hal_uart.o
 .comment       0x0000007c       0x7d Src\adc.o
 .comment       0x0000007c       0x7d Src\gpio.o
 .comment       0x0000007c       0x7d Src\i2c.o
 .comment       0x0000007c       0x7d Src\main.o
 .comment       0x0000007c       0x7d Src\stm32f4xx_hal_msp.o
 .comment       0x0000007c       0x7d Src\stm32f4xx_it.o
 .comment       0x0000007c       0x7d Src\system_stm32f4xx.o
 .comment       0x0000007c       0x7d Src\tim.o
 .comment       0x0000007c       0x7d Src\usart.o

.debug_frame    0x00000000     0x2644
 .debug_frame   0x00000000      0x1f4 Drivers\STM32F4xx_HAL_Driver\Src\stm32f4xx_hal.o
 .debug_frame   0x000001f4      0x248 Drivers\STM32F4xx_HAL_Driver\Src\stm32f4xx_hal_adc.o
 .debug_frame   0x0000043c      0x158 Drivers\STM32F4xx_HAL_Driver\Src\stm32f4xx_hal_cortex.o
 .debug_frame   0x00000594      0x150 Drivers\STM32F4xx_HAL_Driver\Src\stm32f4xx_hal_dma.o
 .debug_frame   0x000006e4       0xd8 Drivers\STM32F4xx_HAL_Driver\Src\stm32f4xx_hal_gpio.o
 .debug_frame   0x000007bc      0x710 Drivers\STM32F4xx_HAL_Driver\Src\stm32f4xx_hal_i2c.o
 .debug_frame   0x00000ecc      0x13c Drivers\STM32F4xx_HAL_Driver\Src\stm32f4xx_hal_rcc.o
 .debug_frame   0x00001008      0x928 Drivers\STM32F4xx_HAL_Driver\Src\stm32f4xx_hal_tim.o
 .debug_frame   0x00001930      0x360 Drivers\STM32F4xx_HAL_Driver\Src\stm32f4xx_hal_tim_ex.o
 .debug_frame   0x00001c90      0x4a0 Drivers\STM32F4xx_HAL_Driver\Src\stm32f4xx_hal_uart.o
 .debug_frame   0x00002130       0x5c Src\adc.o
 .debug_frame   0x0000218c       0x38 Src\gpio.o
 .debug_frame   0x000021c4       0x78 Src\i2c.o
 .debug_frame   0x0000223c       0x58 Src\main.o
 .debug_frame   0x00002294       0x28 Src\stm32f4xx_hal_msp.o
 .debug_frame   0x000022bc       0xf0 Src\stm32f4xx_it.o
 .debug_frame   0x000023ac       0x38 Src\system_stm32f4xx.o
 .debug_frame   0x000023e4      0x144 Src\tim.o
 .debug_frame   0x00002528       0x70 Src\usart.o
 .debug_frame   0x00002598       0x2c c:/program files (x86)/atollic/truestudio for stm32 9.3.0/armtools/bin/../lib/gcc/arm-atollic-eabi/6.3.1/../../../../arm-atollic-eabi/lib/armv7e-m/fpu\libc_nano.a(lib_a-init.o)
 .debug_frame   0x000025c4       0x20 c:/program files (x86)/atollic/truestudio for stm32 9.3.0/armtools/bin/../lib/gcc/arm-atollic-eabi/6.3.1/../../../../arm-atollic-eabi/lib/armv7e-m/fpu\libc_nano.a(lib_a-memset.o)
 .debug_frame   0x000025e4       0x2c c:/program files (x86)/atollic/truestudio for stm32 9.3.0/armtools/bin/../lib/gcc/arm-atollic-eabi/6.3.1/armv7e-m/fpu\libgcc.a(_aeabi_uldivmod.o)
 .debug_frame   0x00002610       0x34 c:/program files (x86)/atollic/truestudio for stm32 9.3.0/armtools/bin/../lib/gcc/arm-atollic-eabi/6.3.1/armv7e-m/fpu\libgcc.a(_udivmoddi4.o)
